// Jest Snapshot v1, https://goo.gl/fbAQLP

exports[`provideSubTreeRecursive rendering. Should match snapshot. 1`] = `undefined`;
