// Jest Snapshot v1, https://goo.gl/fbAQLP

exports[`provideSubTreeIterative rendering. Should match snapshot. 1`] = `undefined`;
